
> drms-client@0.1.0 build
> next build

   Γû▓ Next.js 14.0.4
   - Environments: .env.local, .env.production

   Creating an optimized production build ...
 Γ£ô Compiled successfully
   Linting and checking validity of types ...
   Collecting page data ...
   Generating static pages (0/62) ...

   Generating static pages (15/62) 

   Generating static pages (30/62) 

   Generating static pages (46/62) 

 Γ£ô Generating static pages (62/62) 
   Finalizing page optimization ...
   Collecting build traces ...

Route (app)                              Size     First Load JS
Γöî Γùï /                                    4.85 kB         131 kB
Γö£ Γùï /_not-found                          875 B          83.2 kB
Γö£ Γùï /academic                            5.61 kB         132 kB
Γö£ Γùï /academic/classes                    5.78 kB         145 kB
Γö£ Γùï /academic/exams                      6.33 kB         145 kB
Γö£ Γùï /academic/report-card                5.47 kB         132 kB
Γö£ Γùï /academic/results                    5.68 kB         144 kB
Γö£ Γùï /academic/subjects                   5.49 kB         144 kB
Γö£ Γùï /admin                               3.55 kB         130 kB
Γö£ Γùï /admin/schools                       5.44 kB         154 kB
Γö£ Γùï /admin/select-school                 3.71 kB         130 kB
Γö£ Γùï /admin/users                         3.36 kB         149 kB
Γö£ Γùï /admission                           4.05 kB         130 kB
Γö£ Γùï /attendance                          3.72 kB         232 kB
Γö£ Γùï /attendance/mark                     3.07 kB         146 kB
Γö£ Γùï /attendance/my-attendance            4.81 kB         131 kB
Γö£ Γùï /attendance/reports                  4.36 kB         233 kB
Γö£ Γùï /billing                             4.76 kB         150 kB
Γö£ Γùï /committee                           6.57 kB         162 kB
Γö£ Γùï /dashboard                           7.12 kB         243 kB
Γö£ Γùï /documents                           5.95 kB         132 kB
Γö£ Γùï /documents/admit-cards               748 B           343 kB
Γö£ Γùï /documents/manage                    5.93 kB         158 kB
Γö£ Γùï /documents/memo                      2.85 kB         311 kB
Γö£ Γùï /documents/upload                    6.41 kB         159 kB
Γö£ Γùï /downloads                           4.13 kB        93.3 kB
Γö£ Γùï /finance                             3.75 kB         232 kB
Γö£ Γùï /finance/collections                 2.44 kB         145 kB
Γö£ Γùï /finance/fees                        4.32 kB         143 kB
Γö£ Γùï /finance/my-fees                     4.68 kB         131 kB
Γö£ Γùï /finance/reports                     3.98 kB         232 kB
Γö£ Γùï /finance/salary                      4.13 kB         133 kB
Γö£ Γùï /id-cards                            4.29 kB         131 kB
Γö£ Γùï /id-cards/admit-card                 698 B           343 kB
Γö£ Γùï /id-cards/bulk-generate              4.28 kB         131 kB
Γö£ Γùï /id-cards/generate                   3.11 kB         317 kB
Γö£ Γùï /id-cards/my-card                    2.61 kB         317 kB
Γö£ Γùï /id-cards/renewal                    3.93 kB         130 kB
Γö£ Γùï /id-cards/reports                    3.17 kB         239 kB
Γö£ Γùï /id-cards/templates                  5.1 kB          110 kB
Γö£ Γùï /institution                         5.12 kB         131 kB
Γö£ Γùï /institution/admission               9.25 kB         178 kB
Γö£ Γùï /institution/backup                  7.81 kB         153 kB
Γö£ Γùï /institution/profile                 8.27 kB         177 kB
Γö£ Γùï /institution/staff                   7.86 kB         140 kB
Γö£ Γùï /institution/teachers                8.09 kB         140 kB
Γö£ Γùï /login                               6.17 kB         156 kB
Γö£ Γùï /messages                            1.54 kB         114 kB
Γö£ Γùï /notices                             5.97 kB         162 kB
Γö£ Γùï /notifications                       1.96 kB         114 kB
Γö£ Γùï /parent-portal                       5.93 kB         164 kB
Γö£ Γùï /pricing                             5.03 kB         114 kB
Γö£ Γùï /profile                             5.37 kB         138 kB
Γö£ Γùï /profile/change-password             4.45 kB         154 kB
Γö£ Γùï /register                            3.98 kB         146 kB
Γö£ Γùï /result                              3.81 kB         156 kB
Γö£ Γùï /settings                            5.45 kB         102 kB
Γö£ Γùï /users-roles                         4.03 kB         130 kB
Γö£ Γùï /users-roles/all                     5.2 kB          161 kB
Γöö Γùï /users-roles/permissions             7.25 kB         134 kB
+ First Load JS shared by all            82.3 kB
  Γö£ chunks/4938-7fbf853749391161.js      26.8 kB
  Γö£ chunks/fd9d1056-d021d2bae51f0faf.js  53.3 kB
  Γö£ chunks/main-app-3172c62f0ab6e10a.js  227 B
  Γöö chunks/webpack-408fbfc20d2c5b3e.js   2.01 kB


Γùï  (Static)  prerendered as static content

